
Allocating common symbols
Common symbol       size              file

g_task_own_fpu      0x4               task.o
g_startup_time      0x4               machdep.o
task0               0x4               task.o
g_task_running      0x4               task.o
g_resched           0x4               task.o
g_intr_vector       0x40              startup.o
g_ram_zone          0x40              startup.o
g_volinfo           0x34              startup.o
g_task_head         0x4               task.o

Memory Configuration

Name             Origin             Length             Attributes
*default*        0x00000000         0xffffffff

Linker script and memory map

                0x00400000                __image_base__ = 0x400000
                0x00000000                __dll__ = 0x0
                0x00400000                ___ImageBase = 0x400000
                0x00001000                __section_alignment__ = 0x1000
                0x00000200                __file_alignment__ = 0x200
                0x00000004                __major_os_version__ = 0x4
                0x00000000                __minor_os_version__ = 0x0
                0x00000001                __major_image_version__ = 0x1
                0x00000000                __minor_image_version__ = 0x0
                0x00000004                __major_subsystem_version__ = 0x4
                0x00000000                __minor_subsystem_version__ = 0x0
                0x00000003                __subsystem__ = 0x3
                0x00200000                __size_of_stack_reserve__ = 0x200000
                0x00001000                __size_of_stack_commit__ = 0x1000
                0x00100000                __size_of_heap_reserve__ = 0x100000
                0x00001000                __size_of_heap_commit__ = 0x1000
                0x00000000                __loader_flags__ = 0x0
                0x00008000                __dll_characteristics__ = 0x8000
LOAD entry.o
LOAD ide.o
LOAD floppy.o
LOAD pci.o
LOAD vm86.o
LOAD kbd.o
LOAD timer.o
LOAD machdep.o
LOAD task.o
LOAD mktime.o
LOAD sem.o
LOAD page.o
LOAD startup.o
LOAD frame.o
LOAD kmalloc.o
LOAD dosfs.o
LOAD pe.o
LOAD elf.o
LOAD printk.o
LOAD bitmap.o
LOAD ../lib/softfloat.o
LOAD ../lib/string.o
LOAD ../lib/memcpy.o
LOAD ../lib/memset.o
LOAD ../lib/snprintf.o
LOAD ../lib/tlsf/tlsf.o
                0xc0100000                . = 0xc0100000

.text           0xc0100000     0x8c00
 *(.text)
 .text          0xc0100000      0x974 entry.o
                0xc0100000                entry
                0xc0100036                exception_divide_error
                0xc010003c                exception_debug
                0xc0100042                exception_nmi
                0xc0100048                exception_breakpoint
                0xc010004e                exception_overflow
                0xc0100054                exception_bounds_check
                0xc010005a                exception_inval_opcode
                0xc0100060                exception_copr_not_avail
                0xc0100066                exception_double_fault
                0xc010006a                exception_copr_seg_overrun
                0xc0100070                exception_inval_tss
                0xc0100074                exception_segment_not_present
                0xc0100078                exception_stack_fault
                0xc010007c                exception_general_protection
                0xc0100080                exception_page_fault
                0xc0100084                exception_intel_reserved
                0xc010008a                exception_copr_error
                0xc0100090                exception_alignment_check
                0xc0100094                exception_machine_check
                0xc010009a                exception_simd_fp
                0xc0100129                int0x82_syscall
                0xc0100185                ret_from_syscall
                0xc01001bf                hwint00
                0xc0100234                hwint01
                0xc01002a9                hwint02
                0xc010031e                hwint03
                0xc0100393                hwint04
                0xc0100408                hwint05
                0xc010047d                hwint06
                0xc01004f2                hwint07
                0xc0100567                hwint08
                0xc01005de                hwint09
                0xc0100655                hwint10
                0xc01006cc                hwint11
                0xc0100743                hwint12
                0xc01007ba                hwint13
                0xc0100831                hwint14
                0xc01008a8                hwint15
                0xc010091f                lgdt
                0xc0100945                lidt
                0xc010094d                sys_vm86
 *fill*         0xc0100974        0xc 
 .text          0xc0100980      0x1f0 ide.o
                0xc0100980                ide_init
                0xc01009e0                ide_read_sector
                0xc0100ac0                ide_write_sector
 .text          0xc0100b70        0x0 floppy.o
 .text          0xc0100b70      0x2c0 pci.o
                0xc0100b70                pci_get_bar_addr
                0xc0100bc0                pci_get_bar_size
                0xc0100c60                pci_get_intr_line
                0xc0100cb0                pci_init
 .text          0xc0100e30      0xbb0 vm86.o
                0xc0100e30                vm86_init
                0xc0100ef0                vm86_emulate
                0xc01018b0                vm86_call
 .text          0xc01019e0      0x220 kbd.o
                0xc01019e0                isr_keyboard
                0xc0101bd0                sys_getchar
 .text          0xc0101c00      0x270 timer.o
                0xc0101c80                isr_timer
                0xc0101cd0                calibrate_delay
                0xc0101de0                sys_sleep
                0xc0101e00                sys_nanosleep
 .text          0xc0101e70     0x1500 machdep.o
                0xc0101eb0                sys_time
                0xc0101ed0                enable_irq
                0xc0101f10                disable_irq
                0xc0101f50                switch_to
                0xc0101f80                sys_putchar
                0xc01020b0                sys_beep
                0xc01020d0                syscall
                0xc0102500                do_page_fault
                0xc0102590                exception
                0xc0102a80                cstart
 .text          0xc0103370      0x4e0 task.o
                0xc0103370                schedule
                0xc01033f0                sleep_on
                0xc0103450                wake_up
                0xc0103480                sys_task_create
                0xc01036b0                sys_task_exit
                0xc0103700                sys_task_wait
                0xc01037c0                sys_task_getid
                0xc01037e0                sys_task_yield
                0xc0103800                init_task
 .text          0xc0103850       0x70 mktime.o
                0xc0103850                mktime
 .text          0xc01038c0       0x40 sem.o
                0xc01038c0                sys_sem_create
                0xc01038d0                sys_sem_destroy
                0xc01038e0                sys_sem_wait
                0xc01038f0                sys_sem_signal
 .text          0xc0103900      0x410 page.o
                0xc0103900                init_vmspace
                0xc0103950                page_alloc_in_addr
                0xc0103a80                page_alloc
                0xc0103bc0                page_free
                0xc0103c50                page_prot
                0xc0103ca0                page_map
                0xc0103ce0                page_unmap
 .text          0xc0103d10      0x310 startup.o
                0xc0103d10                isr_default
                0xc0103d20                DFS_ReadSector
                0xc0103d70                DFS_WriteSector
                0xc0103dc0                start_user_task
                0xc0103f50                mi_startup
 .text          0xc0104020      0x2c0 frame.o
                0xc0104020                init_frame
                0xc0104130                frame_alloc_in_addr
                0xc01041d0                frame_alloc
                0xc0104270                frame_free
 .text          0xc01042e0       0xe0 kmalloc.o
                0xc01042e0                kmalloc
                0xc0104310                krealloc
                0xc0104340                kfree
                0xc0104370                kmemalign
                0xc01043a0                init_kmalloc
 .text          0xc01043c0     0x1e10 dosfs.o
                0xc01043c0                ldiv
                0xc01043e0                div
                0xc0104400                DFS_GetPtnStart
                0xc01044a0                DFS_GetVolInfo
                0xc01045f0                DFS_GetFAT
                0xc0104810                DFS_SetFAT
                0xc0104bb0                DFS_CanonicalToDir
                0xc0104c40                DFS_GetFreeFAT
                0xc0104cb0                DFS_GetNext
                0xc0104e30                DFS_OpenDir
                0xc01050e0                DFS_GetFreeDirEnt
                0xc0105260                DFS_OpenFile
                0xc0105710                DFS_ReadFile
                0xc0105a20                DFS_Seek
                0xc0105b90                DFS_UnlinkFile
                0xc0105cd0                DFS_WriteFile
                0xc01061c0                DFS_Close
 .text          0xc01061d0      0x390 pe.o
                0xc01061d0                load_aout
 .text          0xc0106560        0x0 elf.o
 .text          0xc0106560       0x60 printk.o
                0xc0106560                printk
 .text          0xc01065c0      0x4d0 bitmap.o
                0xc01065c0                bitmap_create_in_buf
                0xc0106600                bitmap_buf_size
                0xc0106620                bitmap_size
                0xc0106630                bitmap_set
                0xc0106660                bitmap_mark
                0xc0106680                bitmap_reset
                0xc01066a0                bitmap_flip
                0xc01066c0                bitmap_test
                0xc01066f0                bitmap_set_all
                0xc0106730                bitmap_set_multiple
                0xc0106770                bitmap_count
                0xc01067d0                bitmap_contains
                0xc0106840                bitmap_any
                0xc01068a0                bitmap_none
                0xc0106900                bitmap_all
                0xc0106960                bitmap_scan
                0xc0106a20                bitmap_scan_and_flip
 .text          0xc0106a90      0x280 ../lib/softfloat.o
                0xc0106b60                __udivmoddi4
                0xc0106ba0                __divdi3
                0xc0106c10                __moddi3
                0xc0106c80                __udivdi3
                0xc0106cc0                __umoddi3
 .text          0xc0106d10      0x380 ../lib/string.o
                0xc0106d10                memcmp
                0xc0106d50                memmove
                0xc0106da0                memchr
                0xc0106dd0                strcat
                0xc0106e00                strcmp
                0xc0106e30                strncmp
                0xc0106e70                strchr
                0xc0106ea0                strrchr
                0xc0106ec0                strstr
                0xc0106f60                strcpy
                0xc0106f90                strlen
                0xc0106fb0                strncpy
                0xc0106ff0                strcasecmp
                0xc0107030                strncasecmp
 .text          0xc0107090      0x590 ../lib/memcpy.o
                0xc0107090                memcpy
 .text          0xc0107620       0xa0 ../lib/memset.o
                0xc0107620                memset
 .text          0xc01076c0      0x940 ../lib/snprintf.o
                0xc0107f90                vsnprintf
                0xc0107fc0                snprintf
 .text          0xc0108000      0xaf0 ../lib/tlsf/tlsf.o
                0xc01083f0                tlsf_check
                0xc0108530                tlsf_walk_pool
                0xc01085a0                tlsf_block_size
                0xc01085c0                tlsf_check_pool
                0xc0108600                tlsf_size
                0xc0108610                tlsf_align_size
                0xc0108620                tlsf_block_size_min
                0xc0108630                tlsf_block_size_max
                0xc0108640                tlsf_pool_overhead
                0xc0108650                tlsf_alloc_overhead
                0xc0108660                tlsf_add_pool
                0xc01086c0                tlsf_remove_pool
                0xc0108710                tlsf_create
                0xc0108760                tlsf_create_with_pool
                0xc01087e0                tlsf_destroy
                0xc01087f0                tlsf_get_pool
                0xc0108800                tlsf_malloc
                0xc0108840                tlsf_memalign
                0xc0108970                tlsf_free
                0xc0108990                tlsf_realloc
                0xc0108af0                . = ALIGN (0x4)

.rodata
 *(.rodata)

.rdata          0xc0108b00     0x1600
 *(.rdata)
 .rdata         0xc0108b00       0x3c ide.o
 .rdata         0xc0108b3c      0x26c vm86.o
 *fill*         0xc0108da8       0x18 
 .rdata         0xc0108dc0      0x760 kbd.o
 .rdata         0xc0109520       0x44 timer.o
 .rdata         0xc0109564      0x3bc machdep.o
 .rdata         0xc0109920       0x30 task.o
 *fill*         0xc0109950       0x10 
 .rdata         0xc0109960       0x40 mktime.o
 .rdata         0xc01099a0      0x144 startup.o
 .rdata         0xc0109ae4       0x24 frame.o
 .rdata         0xc0109b08        0xc dosfs.o
 .rdata         0xc0109b14       0x8c pe.o
 .rdata         0xc0109ba0      0x100 ../lib/string.o
 .rdata         0xc0109ca0       0x20 ../lib/memcpy.o
 .rdata         0xc0109cc0      0x1c0 ../lib/snprintf.o
 .rdata$zzz     0xc0109e80       0x14 ide.o
 .rdata$zzz     0xc0109e94       0x14 floppy.o
 .rdata$zzz     0xc0109ea8       0x14 pci.o
 .rdata$zzz     0xc0109ebc       0x14 vm86.o
 .rdata$zzz     0xc0109ed0       0x14 kbd.o
 .rdata$zzz     0xc0109ee4       0x14 timer.o
 .rdata$zzz     0xc0109ef8       0x14 machdep.o
 .rdata$zzz     0xc0109f0c       0x14 task.o
 .rdata$zzz     0xc0109f20       0x14 mktime.o
 .rdata$zzz     0xc0109f34       0x14 sem.o
 .rdata$zzz     0xc0109f48       0x14 page.o
 .rdata$zzz     0xc0109f5c       0x14 startup.o
 .rdata$zzz     0xc0109f70       0x14 frame.o
 .rdata$zzz     0xc0109f84       0x14 kmalloc.o
 .rdata$zzz     0xc0109f98       0x14 dosfs.o
 .rdata$zzz     0xc0109fac       0x14 pe.o
 .rdata$zzz     0xc0109fc0       0x14 elf.o
 .rdata$zzz     0xc0109fd4       0x14 printk.o
 .rdata$zzz     0xc0109fe8       0x14 bitmap.o
 .rdata$zzz     0xc0109ffc       0x14 ../lib/softfloat.o
 .rdata$zzz     0xc010a010       0x14 ../lib/string.o
 .rdata$zzz     0xc010a024       0x14 ../lib/memcpy.o
 .rdata$zzz     0xc010a038       0x14 ../lib/memset.o
 .rdata$zzz     0xc010a04c       0x14 ../lib/snprintf.o
 .rdata$zzz     0xc010a060       0x14 ../lib/tlsf/tlsf.o

.buildid        0xc010b000      0x200
 .buildid       0xc010b000       0x35 entry.o

.eh_frame       0xc010c000     0x2200
 .eh_frame      0xc010c000       0xb4 ide.o
 .eh_frame      0xc010c0b4      0x104 pci.o
 .eh_frame      0xc010c1b8       0xb0 vm86.o
 .eh_frame      0xc010c268       0x64 kbd.o
 .eh_frame      0xc010c2cc       0xd4 timer.o
 .eh_frame      0xc010c3a0      0x24c machdep.o
 .eh_frame      0xc010c5ec      0x17c task.o
 .eh_frame      0xc010c768       0x34 mktime.o
 .eh_frame      0xc010c79c       0x68 sem.o
 .eh_frame      0xc010c804      0x1b0 page.o
 .eh_frame      0xc010c9b4       0xe0 startup.o
 .eh_frame      0xc010ca94      0x11c frame.o
 .eh_frame      0xc010cbb0       0xb0 kmalloc.o
 .eh_frame      0xc010cc60      0x554 dosfs.o
 .eh_frame      0xc010d1b4       0x70 pe.o
 .eh_frame      0xc010d224       0x4c printk.o
 .eh_frame      0xc010d270      0x350 bitmap.o
 .eh_frame      0xc010d5c0      0x158 ../lib/softfloat.o
 .eh_frame      0xc010d718      0x240 ../lib/string.o
 .eh_frame      0xc010d958       0x88 ../lib/memcpy.o
 .eh_frame      0xc010d9e0       0x64 ../lib/memset.o
 .eh_frame      0xc010da44       0xec ../lib/snprintf.o
 .eh_frame      0xc010db30      0x530 ../lib/tlsf/tlsf.o

.data           0xc010e060     0x2200
 *(.data)
 .data          0xc010e060     0x2000 entry.o
                0xc0110060                tmp_stack
 .data          0xc0110060        0x0 ide.o
 .data          0xc0110060        0x0 floppy.o
 .data          0xc0110060        0x0 pci.o
 .data          0xc0110060        0x0 vm86.o
 .data          0xc0110060        0x0 kbd.o
 .data          0xc0110060        0x0 timer.o
 .data          0xc0110060       0x40 machdep.o
 .data          0xc01100a0        0x0 task.o
 .data          0xc01100a0        0x0 mktime.o
 .data          0xc01100a0        0x0 sem.o
 .data          0xc01100a0        0x0 page.o
 .data          0xc01100a0        0x8 startup.o
                0xc01100a0                PTD
                0xc01100a4                PT
 .data          0xc01100a8        0x0 frame.o
 .data          0xc01100a8        0x0 kmalloc.o
 .data          0xc01100a8        0x0 dosfs.o
 .data          0xc01100a8        0x0 pe.o
 .data          0xc01100a8        0x0 elf.o
 .data          0xc01100a8        0x0 printk.o
 .data          0xc01100a8        0x0 bitmap.o
 .data          0xc01100a8        0x0 ../lib/softfloat.o
 .data          0xc01100a8        0x0 ../lib/string.o
 .data          0xc01100a8        0x0 ../lib/memcpy.o
 .data          0xc01100a8        0x0 ../lib/memset.o
 .data          0xc01100a8        0x0 ../lib/snprintf.o
 .data          0xc01100a8        0x0 ../lib/tlsf/tlsf.o

.drectve        0xc0111000      0x200
 .drectve       0xc0111000       0x20 machdep.o
 .drectve       0xc0111020       0x8c task.o
 .drectve       0xc01110ac       0x54 startup.o
                0xc0111100                . = ALIGN (0x4)
                0xc0111100                _edata = .

.bss            0xc0111100     0x16b4
 *(.bss)
 .bss           0xc0111100        0x0 entry.o
 .bss           0xc0111100        0x0 ide.o
 .bss           0xc0111100        0x0 floppy.o
 .bss           0xc0111100     0x1060 pci.o
 .bss           0xc0112160        0x0 vm86.o
 .bss           0xc0112160       0x40 kbd.o
 .bss           0xc01121a0        0x8 timer.o
                0xc01121a0                g_timer_ticks
 *fill*         0xc01121a8       0x18 
 .bss           0xc01121c0      0x4a0 machdep.o
 .bss           0xc0112660        0x4 task.o
 .bss           0xc0112664        0x0 mktime.o
 .bss           0xc0112664        0x0 sem.o
 .bss           0xc0112664       0x18 page.o
 .bss           0xc011267c        0x0 startup.o
 *fill*         0xc011267c        0x4 
 .bss           0xc0112680       0x60 frame.o
 .bss           0xc01126e0        0x4 kmalloc.o
 .bss           0xc01126e4        0x0 dosfs.o
 .bss           0xc01126e4        0x0 pe.o
 .bss           0xc01126e4        0x0 elf.o
 .bss           0xc01126e4        0x0 printk.o
 .bss           0xc01126e4        0x0 bitmap.o
 .bss           0xc01126e4        0x0 ../lib/softfloat.o
 .bss           0xc01126e4        0x0 ../lib/string.o
 .bss           0xc01126e4        0x0 ../lib/memcpy.o
 .bss           0xc01126e4        0x0 ../lib/memset.o
 .bss           0xc01126e4        0x0 ../lib/snprintf.o
 .bss           0xc01126e4        0x0 ../lib/tlsf/tlsf.o
 *(COMMON)
 COMMON         0xc01126e4        0x4 machdep.o
                0xc01126e4                g_startup_time
 COMMON         0xc01126e8       0x14 task.o
                0xc01126e8                g_task_own_fpu
                0xc01126ec                task0
                0xc01126f0                g_task_running
                0xc01126f4                g_resched
                0xc01126f8                g_task_head
 *fill*         0xc01126fc        0x4 
 COMMON         0xc0112700       0xb4 startup.o
                0xc0112700                g_intr_vector
                0xc0112740                g_ram_zone
                0xc0112780                g_volinfo
                0xc01127b4                . = ALIGN (0x4)
                0xc01127b4                _end = .
OUTPUT(eposkrnl.out pei-i386)

.debug_info     0x00000000    0x17200
 .debug_info    0x00000000     0x18f3 ide.o
 .debug_info    0x000018f3      0xc5f pci.o
 .debug_info    0x00002552     0x1191 vm86.o
 .debug_info    0x000036e3      0x887 kbd.o
 .debug_info    0x00003f6a      0x9f6 timer.o
 .debug_info    0x00004960     0x3dc8 machdep.o
 .debug_info    0x00008728      0xb71 task.o
 .debug_info    0x00009299      0x24b mktime.o
 .debug_info    0x000094e4      0x5fc sem.o
 .debug_info    0x00009ae0      0x9f5 page.o
 .debug_info    0x0000a4d5      0xd36 startup.o
 .debug_info    0x0000b20b      0x95f frame.o
 .debug_info    0x0000bb6a      0x3f8 kmalloc.o
 .debug_info    0x0000bf62     0x28bc dosfs.o
 .debug_info    0x0000e81e     0x147f pe.o
 .debug_info    0x0000fc9d      0x64d printk.o
 .debug_info    0x000102ea     0x12a8 bitmap.o
 .debug_info    0x00011592      0x582 ../lib/softfloat.o
 .debug_info    0x00011b14      0x856 ../lib/string.o
 .debug_info    0x0001236a      0x3cd ../lib/memcpy.o
 .debug_info    0x00012737      0x22f ../lib/memset.o
 .debug_info    0x00012966      0xc0c ../lib/snprintf.o
 .debug_info    0x00013572     0x3b8a ../lib/tlsf/tlsf.o

.debug_abbrev   0x00000000     0x3400
 .debug_abbrev  0x00000000      0x1ef ide.o
 .debug_abbrev  0x000001ef      0x20c pci.o
 .debug_abbrev  0x000003fb      0x2f0 vm86.o
 .debug_abbrev  0x000006eb      0x210 kbd.o
 .debug_abbrev  0x000008fb      0x24f timer.o
 .debug_abbrev  0x00000b4a      0x542 machdep.o
 .debug_abbrev  0x0000108c      0x346 task.o
 .debug_abbrev  0x000013d2       0xbf mktime.o
 .debug_abbrev  0x00001491       0xf5 sem.o
 .debug_abbrev  0x00001586      0x228 page.o
 .debug_abbrev  0x000017ae      0x225 startup.o
 .debug_abbrev  0x000019d3      0x199 frame.o
 .debug_abbrev  0x00001b6c       0xf4 kmalloc.o
 .debug_abbrev  0x00001c60      0x363 dosfs.o
 .debug_abbrev  0x00001fc3      0x1e3 pe.o
 .debug_abbrev  0x000021a6      0x143 printk.o
 .debug_abbrev  0x000022e9      0x2ec bitmap.o
 .debug_abbrev  0x000025d5      0x17f ../lib/softfloat.o
 .debug_abbrev  0x00002754      0x19b ../lib/string.o
 .debug_abbrev  0x000028ef       0xad ../lib/memcpy.o
 .debug_abbrev  0x0000299c       0x95 ../lib/memset.o
 .debug_abbrev  0x00002a31      0x2e2 ../lib/snprintf.o
 .debug_abbrev  0x00002d13      0x4f1 ../lib/tlsf/tlsf.o

.debug_loc      0x00000000    0x11200
 .debug_loc     0x00000000      0xb9f ide.o
 .debug_loc     0x00000b9f      0x8ac pci.o
 .debug_loc     0x0000144b     0x1584 vm86.o
 .debug_loc     0x000029cf      0x2a5 kbd.o
 .debug_loc     0x00002c74      0x3fa timer.o
 .debug_loc     0x0000306e     0x2178 machdep.o
 .debug_loc     0x000051e6      0x40e task.o
 .debug_loc     0x000055f4       0x9b mktime.o
 .debug_loc     0x0000568f      0x776 page.o
 .debug_loc     0x00005e05      0x1cc startup.o
 .debug_loc     0x00005fd1      0x234 frame.o
 .debug_loc     0x00006205       0x93 kmalloc.o
 .debug_loc     0x00006298     0x1eba dosfs.o
 .debug_loc     0x00008152      0x29e pe.o
 .debug_loc     0x000083f0       0xa2 printk.o
 .debug_loc     0x00008492      0xf9e bitmap.o
 .debug_loc     0x00009430      0x6a1 ../lib/softfloat.o
 .debug_loc     0x00009ad1      0xba9 ../lib/string.o
 .debug_loc     0x0000a67a     0x1568 ../lib/memcpy.o
 .debug_loc     0x0000bbe2      0x241 ../lib/memset.o
 .debug_loc     0x0000be23     0x180f ../lib/snprintf.o
 .debug_loc     0x0000d632     0x3ad4 ../lib/tlsf/tlsf.o

.debug_aranges  0x00000000      0x400
 .debug_aranges
                0x00000000       0x20 ide.o
 .debug_aranges
                0x00000020       0x20 pci.o
 .debug_aranges
                0x00000040       0x20 vm86.o
 .debug_aranges
                0x00000060       0x20 kbd.o
 .debug_aranges
                0x00000080       0x20 timer.o
 .debug_aranges
                0x000000a0       0x20 machdep.o
 .debug_aranges
                0x000000c0       0x20 task.o
 .debug_aranges
                0x000000e0       0x20 mktime.o
 .debug_aranges
                0x00000100       0x20 sem.o
 .debug_aranges
                0x00000120       0x20 page.o
 .debug_aranges
                0x00000140       0x20 startup.o
 .debug_aranges
                0x00000160       0x20 frame.o
 .debug_aranges
                0x00000180       0x20 kmalloc.o
 .debug_aranges
                0x000001a0       0x20 dosfs.o
 .debug_aranges
                0x000001c0       0x20 pe.o
 .debug_aranges
                0x000001e0       0x20 printk.o
 .debug_aranges
                0x00000200       0x20 bitmap.o
 .debug_aranges
                0x00000220       0x20 ../lib/softfloat.o
 .debug_aranges
                0x00000240       0x20 ../lib/string.o
 .debug_aranges
                0x00000260       0x20 ../lib/memcpy.o
 .debug_aranges
                0x00000280       0x20 ../lib/memset.o
 .debug_aranges
                0x000002a0       0x20 ../lib/snprintf.o
 .debug_aranges
                0x000002c0       0x20 ../lib/tlsf/tlsf.o

.debug_ranges   0x00000000     0x2600
 .debug_ranges  0x00000000      0x1e8 ide.o
 .debug_ranges  0x000001e8      0x2d0 pci.o
 .debug_ranges  0x000004b8      0x288 vm86.o
 .debug_ranges  0x00000740       0x60 kbd.o
 .debug_ranges  0x000007a0       0x18 timer.o
 .debug_ranges  0x000007b8      0x728 machdep.o
 .debug_ranges  0x00000ee0       0x68 task.o
 .debug_ranges  0x00000f48       0x18 startup.o
 .debug_ranges  0x00000f60       0x18 frame.o
 .debug_ranges  0x00000f78      0x2d0 dosfs.o
 .debug_ranges  0x00001248       0x18 pe.o
 .debug_ranges  0x00001260      0x648 bitmap.o
 .debug_ranges  0x000018a8       0x50 ../lib/softfloat.o
 .debug_ranges  0x000018f8       0x70 ../lib/string.o
 .debug_ranges  0x00001968       0x98 ../lib/memcpy.o
 .debug_ranges  0x00001a00       0xe8 ../lib/snprintf.o
 .debug_ranges  0x00001ae8      0xa70 ../lib/tlsf/tlsf.o

.debug_line     0x00000000     0xa008
 .debug_line    0x00000000      0x8ed ide.o
 .debug_line    0x000008ed        0x0 floppy.o
 .debug_line    0x000008ed      0x421 pci.o
 .debug_line    0x00000d0e      0xbcb vm86.o
 .debug_line    0x000018d9      0x29a kbd.o
 .debug_line    0x00001b73      0x2e8 timer.o
 .debug_line    0x00001e5b     0x17e8 machdep.o
 .debug_line    0x00003643      0x611 task.o
 .debug_line    0x00003c54       0xe2 mktime.o
 .debug_line    0x00003d36       0x86 sem.o
 .debug_line    0x00003dbc      0x54e page.o
 .debug_line    0x0000430a      0x246 startup.o
 .debug_line    0x00004550      0x27a frame.o
 .debug_line    0x000047ca      0x114 kmalloc.o
 .debug_line    0x000048de     0x18ed dosfs.o
 .debug_line    0x000061cb      0x29b pe.o
 .debug_line    0x00006466        0x0 elf.o
 .debug_line    0x00006466       0xc4 printk.o
 .debug_line    0x0000652a      0x800 bitmap.o
 .debug_line    0x00006d2a      0x264 ../lib/softfloat.o
 .debug_line    0x00006f8e      0x456 ../lib/string.o
 .debug_line    0x000073e4      0x969 ../lib/memcpy.o
 .debug_line    0x00007d4d      0x186 ../lib/memset.o
 .debug_line    0x00007ed3      0x903 ../lib/snprintf.o
 .debug_line    0x000087d6     0x16b0 ../lib/tlsf/tlsf.o

.debug_str      0x00000000      0x600
 .debug_str     0x00000000        0x0 ide.o
 .debug_str     0x00000000        0x0 floppy.o
 .debug_str     0x00000000        0xf pci.o
 .debug_str     0x0000000f       0x1e vm86.o
 .debug_str     0x0000002d        0x9 kbd.o
 .debug_str     0x00000036        0xf timer.o
 .debug_str     0x00000045      0x110 machdep.o
 .debug_str     0x00000155       0x24 task.o
 .debug_str     0x00000179        0x0 mktime.o
 .debug_str     0x00000179        0x0 sem.o
 .debug_str     0x00000179        0xd page.o
 .debug_str     0x00000186       0xe2 startup.o
 .debug_str     0x00000268       0x62 frame.o
 .debug_str     0x000002ca       0x53 kmalloc.o
 .debug_str     0x0000031d       0xd4 dosfs.o
 .debug_str     0x000003f1       0x76 pe.o
 .debug_str     0x00000467        0x0 elf.o
 .debug_str     0x00000467       0x16 printk.o
 .debug_str     0x0000047d       0x1c bitmap.o
 .debug_str     0x00000499        0x0 ../lib/softfloat.o
 .debug_str     0x00000499        0x0 ../lib/string.o
 .debug_str     0x00000499       0x17 ../lib/memcpy.o
 .debug_str     0x000004b0        0x0 ../lib/memset.o
 .debug_str     0x000004b0       0x16 ../lib/snprintf.o
 .debug_str     0x000004c6       0x6e ../lib/tlsf/tlsf.o
